// Jest Snapshot v1, https://goo.gl/fbAQLP

exports[`Loading icon tests When checkbox is clicked, changeCheckBox is called 1`] = `
<div>
  <li>
    <div
      class="form-check"
    >
      <input
        class="form-check-input"
        id="cb_4"
        type="checkbox"
      />
      <label
        class="form-check-label"
        for="cb_4"
        title=""
      >
        tRex
      </label>
    </div>
  </li>
</div>
`;
